Archive member included because of file (symbol)

/home/deploy/nrf/sdk/ehal_latest/ARM/Nordic/nRF51/CMSIS/Debug/libCMSIS.a(ResetEntry.o)
                              (ResetEntry)
/home/deploy/nrf/sdk/ehal_latest/ARM/Nordic/nRF51/CMSIS/Debug/libCMSIS.a(system_nrf51.o)
                              /home/deploy/nrf/sdk/ehal_latest/ARM/Nordic/nRF51/CMSIS/Debug/libCMSIS.a(ResetEntry.o) (SystemCoreClockUpdate)
/usr/local/gcc-arm-none-eabi-4_9-2015q2/bin/../lib/gcc/arm-none-eabi/4.9.3/../../../../arm-none-eabi/lib/armv6-m/libstdc++_nano.a(del_op.o)
                              _build/AdvertisingController.o (symbol from plugin) (operator delete(void*))
/usr/local/gcc-arm-none-eabi-4_9-2015q2/bin/../lib/gcc/arm-none-eabi/4.9.3/../../../../arm-none-eabi/lib/armv6-m/libstdc++_nano.a(new_op.o)
                              _build/AdvertisingController.o (symbol from plugin) (operator new(unsigned int))
/usr/local/gcc-arm-none-eabi-4_9-2015q2/bin/../lib/gcc/arm-none-eabi/4.9.3/../../../../arm-none-eabi/lib/armv6-m/libstdc++_nano.a(pure.o)
                              _build/ConnectionManager.o (symbol from plugin) (__cxa_pure_virtual)
/usr/local/gcc-arm-none-eabi-4_9-2015q2/bin/../lib/gcc/arm-none-eabi/4.9.3/../../../../arm-none-eabi/lib/armv6-m/libstdc++_nano.a(functexcept.o)
                              _build/AdvertisingModule.o (symbol from plugin) (std::__throw_bad_alloc())
/usr/local/gcc-arm-none-eabi-4_9-2015q2/bin/../lib/gcc/arm-none-eabi/4.9.3/../../../../arm-none-eabi/lib/armv6-m/libstdc++_nano.a(string-inst.o)
                              _build/AdvertisingController.o (symbol from plugin) (std::string::_Rep::_S_empty_rep_storage)
/usr/local/gcc-arm-none-eabi-4_9-2015q2/bin/../lib/gcc/arm-none-eabi/4.9.3/../../../../arm-none-eabi/lib/armv6-m/libstdc++_nano.a(snprintf_lite.o)
                              /usr/local/gcc-arm-none-eabi-4_9-2015q2/bin/../lib/gcc/arm-none-eabi/4.9.3/../../../../arm-none-eabi/lib/armv6-m/libstdc++_nano.a(functexcept.o) (__gnu_cxx::__snprintf_lite(char*, unsigned int, char const*, std::__va_list))
/usr/local/gcc-arm-none-eabi-4_9-2015q2/bin/../lib/gcc/arm-none-eabi/4.9.3/../../../../arm-none-eabi/lib/armv6-m/libstdc++_nano.a(new_handler.o)
                              /usr/local/gcc-arm-none-eabi-4_9-2015q2/bin/../lib/gcc/arm-none-eabi/4.9.3/../../../../arm-none-eabi/lib/armv6-m/libstdc++_nano.a(new_op.o) (std::get_new_handler())
/usr/local/gcc-arm-none-eabi-4_9-2015q2/bin/../lib/gcc/arm-none-eabi/4.9.3/../../../../arm-none-eabi/lib/armv6-m/libstdc++_nano.a(eh_terminate.o)
                              /usr/local/gcc-arm-none-eabi-4_9-2015q2/bin/../lib/gcc/arm-none-eabi/4.9.3/../../../../arm-none-eabi/lib/armv6-m/libstdc++_nano.a(pure.o) (std::terminate())
/usr/local/gcc-arm-none-eabi-4_9-2015q2/bin/../lib/gcc/arm-none-eabi/4.9.3/../../../../arm-none-eabi/lib/armv6-m/libstdc++_nano.a(locale_facets.o)
                              /usr/local/gcc-arm-none-eabi-4_9-2015q2/bin/../lib/gcc/arm-none-eabi/4.9.3/../../../../arm-none-eabi/lib/armv6-m/libstdc++_nano.a(snprintf_lite.o) (std::__num_base::_S_atoms_out)
/usr/local/gcc-arm-none-eabi-4_9-2015q2/bin/../lib/gcc/arm-none-eabi/4.9.3/../../../../arm-none-eabi/lib/armv6-m/libstdc++_nano.a(locale-inst.o)
                              /usr/local/gcc-arm-none-eabi-4_9-2015q2/bin/../lib/gcc/arm-none-eabi/4.9.3/../../../../arm-none-eabi/lib/armv6-m/libstdc++_nano.a(snprintf_lite.o) (int std::__int_to_char<char, unsigned long long>(char*, unsigned long long, char const*, std::_Ios_Fmtflags, bool))
/usr/local/gcc-arm-none-eabi-4_9-2015q2/bin/../lib/gcc/arm-none-eabi/4.9.3/../../../../arm-none-eabi/lib/armv6-m/libstdc++_nano.a(streambuf-inst.o)
                              /usr/local/gcc-arm-none-eabi-4_9-2015q2/bin/../lib/gcc/arm-none-eabi/4.9.3/../../../../arm-none-eabi/lib/armv6-m/libstdc++_nano.a(locale-inst.o) (std::basic_streambuf<char, std::char_traits<char> >::sbumpc())
/usr/local/gcc-arm-none-eabi-4_9-2015q2/bin/../lib/gcc/arm-none-eabi/4.9.3/../../../../arm-none-eabi/lib/armv6-m/libstdc++_nano.a(ctype.o)
                              /usr/local/gcc-arm-none-eabi-4_9-2015q2/bin/../lib/gcc/arm-none-eabi/4.9.3/../../../../arm-none-eabi/lib/armv6-m/libstdc++_nano.a(locale-inst.o) (std::ctype<char>::_M_widen_init() const)
/usr/local/gcc-arm-none-eabi-4_9-2015q2/bin/../lib/gcc/arm-none-eabi/4.9.3/../../../../arm-none-eabi/lib/armv6-m/libstdc++_nano.a(numeric_members.o)
                              /usr/local/gcc-arm-none-eabi-4_9-2015q2/bin/../lib/gcc/arm-none-eabi/4.9.3/../../../../arm-none-eabi/lib/armv6-m/libstdc++_nano.a(locale-inst.o) (std::numpunct<char>::_M_initialize_numpunct(int*))
/usr/local/gcc-arm-none-eabi-4_9-2015q2/bin/../lib/gcc/arm-none-eabi/4.9.3/../../../../arm-none-eabi/lib/armv6-m/libstdc++_nano.a(ctype_configure_char.o)
[...]
Memory Configuration

Name             Origin             Length             Attributes
FLASH            0x0001c000         0x00024000         xr
RAM              0x20002800         0x00005800         xrw
*default*        0x00000000         0xffffffff

Linker script and memory map

LOAD /usr/local/gcc-arm-none-eabi-4_9-2015q2/bin/../lib/gcc/arm-none-eabi/4.9.3/armv6-m/crti.o
LOAD /usr/local/gcc-arm-none-eabi-4_9-2015q2/bin/../lib/gcc/arm-none-eabi/4.9.3/armv6-m/crtbegin.o
LOAD /usr/local/gcc-arm-none-eabi-4_9-2015q2/bin/../lib/gcc/arm-none-eabi/4.9.3/../../../../arm-none-eabi/lib/armv6-m/crt0.o
LOAD _build/AdvertisingController.o
LOAD /tmp/cchMkfJi.ltrans0.ltrans.o
LOAD /usr/local/gcc-arm-none-eabi-4_9-2015q2/bin/../lib/gcc/arm-none-eabi/4.9.3/armv6-m/libgcc.a
LOAD /usr/local/gcc-arm-none-eabi-4_9-2015q2/bin/../lib/gcc/arm-none-eabi/4.9.3/../../../../arm-none-eabi/lib/armv6-m/libg_nano.a
LOAD /usr/local/gcc-arm-none-eabi-4_9-2015q2/bin/../lib/gcc/arm-none-eabi/4.9.3/../../../../arm-none-eabi/lib/armv6-m/libc_nano.a
LOAD /usr/local/gcc-arm-none-eabi-4_9-2015q2/bin/../lib/gcc/arm-none-eabi/4.9.3/armv6-m/libgcc.a
LOAD /usr/local/gcc-arm-none-eabi-4_9-2015q2/bin/../lib/gcc/arm-none-eabi/4.9.3/../../../../arm-none-eabi/lib/armv6-m/libc_nano.a
LOAD _build/GAPController.o
LOAD _build/GATTController.o
LOAD _build/ScanController.o
LOAD _build/Main.o
LOAD _build/Connection.o
LOAD _build/ConnectionManager.o
LOAD _build/Node.o
LOAD _build/AdvertisingModule.o
LOAD _build/DFUModule.o
LOAD _build/EnrollmentModule.o
LOAD _build/Module.o
LOAD _build/ScanningModule.o
LOAD _build/StatusReporterModule.o
LOAD _build/DebugModule.o
LOAD _build/IoModule.o
LOAD _build/TestBattery.o
LOAD _build/Testing.o
LOAD _build/LedWrapper.o
LOAD _build/Logger.o
LOAD _build/PacketQueue.o
LOAD _build/SimpleBuffer.o
LOAD _build/SimplePushStack.o
LOAD _build/SimpleQueue.o
LOAD _build/Storage.o
LOAD _build/Terminal.o
LOAD _build/Utility.o
LOAD _build/Vectors_nRF51.o
LOAD _build/app_timer.o
LOAD _build/ble_radio_notification.o
LOAD _build/simple_uart.o
LOAD _build/nrf_delay.o
LOAD _build/pstorage.o
LOAD _build/softdevice_handler.o
LOAD /home/deploy/nrf/sdk/ehal_latest/ARM/Nordic/nRF51/CMSIS/Debug/libCMSIS.a
LOAD /usr/local/gcc-arm-none-eabi-4_9-2015q2/bin/../lib/gcc/arm-none-eabi/4.9.3/../../../../arm-none-eabi/lib/armv6-m/libstdc++_nano.a
LOAD /usr/local/gcc-arm-none-eabi-4_9-2015q2/bin/../lib/gcc/arm-none-eabi/4.9.3/../../../../arm-none-eabi/lib/armv6-m/libm.a
START GROUP
LOAD /usr/local/gcc-arm-none-eabi-4_9-2015q2/bin/../lib/gcc/arm-none-eabi/4.9.3/armv6-m/libgcc.a
LOAD /usr/local/gcc-arm-none-eabi-4_9-2015q2/bin/../lib/gcc/arm-none-eabi/4.9.3/../../../../arm-none-eabi/lib/armv6-m/libg_nano.a
LOAD /usr/local/gcc-arm-none-eabi-4_9-2015q2/bin/../lib/gcc/arm-none-eabi/4.9.3/../../../../arm-none-eabi/lib/armv6-m/libc_nano.a
END GROUP
START GROUP
LOAD /usr/local/gcc-arm-none-eabi-4_9-2015q2/bin/../lib/gcc/arm-none-eabi/4.9.3/armv6-m/libgcc.a
LOAD /usr/local/gcc-arm-none-eabi-4_9-2015q2/bin/../lib/gcc/arm-none-eabi/4.9.3/../../../../arm-none-eabi/lib/armv6-m/libc_nano.a
END GROUP
LOAD /usr/local/gcc-arm-none-eabi-4_9-2015q2/bin/../lib/gcc/arm-none-eabi/4.9.3/armv6-m/crtend.o
LOAD /usr/local/gcc-arm-none-eabi-4_9-2015q2/bin/../lib/gcc/arm-none-eabi/4.9.3/armv6-m/crtn.o
START GROUP
LOAD /usr/local/gcc-arm-none-eabi-4_9-2015q2/bin/../lib/gcc/arm-none-eabi/4.9.3/armv6-m/libgcc.a
LOAD /usr/local/gcc-arm-none-eabi-4_9-2015q2/bin/../lib/gcc/arm-none-eabi/4.9.3/../../../../arm-none-eabi/lib/armv6-m/libc.a
LOAD /usr/local/gcc-arm-none-eabi-4_9-2015q2/bin/../lib/gcc/arm-none-eabi/4.9.3/../../../../arm-none-eabi/lib/armv6-m/libnosys.a
LOAD /home/deploy/nrf/sdk/ehal_latest/ARM/Nordic/nRF51/CMSIS/Debug/libCMSIS.a
END GROUP
                0x00000000                __CheckSum = 0x0

.ivector        0x0001c000       0xc0
                0x0001c000                __text_start__ = .
                0x0001c000        0x4 LONG 0x20008000 __StackTop
 *(.intvect)
 .intvect       0x0001c004       0xbc /tmp/cchMkfJi.ltrans0.ltrans.o
                0x0001c004                g_Vectors

.Version        0x0001c0c0      0x340
 *(.Version)
                0x0001c0c0        0x4 LONG 0x0 __CheckSum
 FILL mask 0xff
                0x00000340                . = (0x400 - SIZEOF (.ivector))
 *fill*         0x0001c0c4      0x33c ff

.FSec           0x0001c400       0x10
 *(.fseccfg)
                0x0001c400        0x4 LONG 0xffffffff
                0x0001c404        0x4 LONG 0xffffffff
                0x0001c408        0x4 LONG 0xffffffff
                0x0001c40c        0x4 LONG 0xfffffffe

.AppStart       0x0001c410       0x4c
 *(.AppStart)
 .AppStart      0x0001c410       0x4c /home/deploy/nrf/sdk/ehal_latest/ARM/Nordic/nRF51/CMSIS/Debug/libCMSIS.a(ResetEntry.o)
                0x0001c410                ResetEntry

.text           0x0001c45c      0xe7c
 *(.init)
 .init          0x0001c45c        0x4 /usr/local/gcc-arm-none-eabi-4_9-2015q2/bin/../lib/gcc/arm-none-eabi/4.9.3/armv6-m/crti.o
                0x0001c45c                _init
 .init          0x0001c460        0x8 /usr/local/gcc-arm-none-eabi-4_9-2015q2/bin/../lib/gcc/arm-none-eabi/4.9.3/armv6-m/crtn.o
 *(.fini)
 .fini          0x0001c468        0x4 /usr/local/gcc-arm-none-eabi-4_9-2015q2/bin/../lib/gcc/arm-none-eabi/4.9.3/armv6-m/crti.o
                0x0001c468                _fini
 .fini          0x0001c46c        0x8 /usr/local/gcc-arm-none-eabi-4_9-2015q2/bin/../lib/gcc/arm-none-eabi/4.9.3/armv6-m/crtn.o
 *crtbegin.o(.ctors)
 *crtbegin?.o(.ctors)
 *(EXCLUDE_FILE(*crtend.o *crtend?.o) .ctors)
 *(SORT(.ctors.*))
 *crtend.o(.ctors)
 *crtbegin.o(.dtors)
 *crtbegin?.o(.dtors)
 *(EXCLUDE_FILE(*crtend.o *crtend?.o) .dtors)
 *(SORT(.dtors.*))
 *crtend.o(.dtors)
 *(.text*)
 .text          0x0001c474       0x60 /usr/local/gcc-arm-none-eabi-4_9-2015q2/bin/../lib/gcc/arm-none-eabi/4.9.3/armv6-m/crtbegin.o
 .text          0x0001c4d4       0x78 /usr/local/gcc-arm-none-eabi-4_9-2015q2/bin/../lib/gcc/arm-none-eabi/4.9.3/../../../../arm-none-eabi/lib/armv6-m/crt0.o
                0x0001c4d4                _mainCRTStartup
                0x0001c4d4                _start
 .text.sd_ble_evt_get
                0x0001c54c        0x4 /tmp/cchMkfJi.ltrans0.ltrans.o
 .text.sd_evt_get
                0x0001c550        0x4 /tmp/cchMkfJi.ltrans0.ltrans.o
 .text.SWI1_IRQHandler
                0x0001c554       0x10 /tmp/cchMkfJi.ltrans0.ltrans.o
 .text.expired_timers_handler
                0x0001c564       0x4c /tmp/cchMkfJi.ltrans0.ltrans.o
 .text.elapsed_ticks_acquire
                0x0001c5b0       0x44 /tmp/cchMkfJi.ltrans0.ltrans.o
 .text.list_deletions_handler
                0x0001c5f4        0x4 /tmp/cchMkfJi.ltrans0.ltrans.o
 .text.list_insertions_handler
                0x0001c5f8        0x4 /tmp/cchMkfJi.ltrans0.ltrans.o
 .text.rtc1_stop
                0x0001c5fc       0x74 /tmp/cchMkfJi.ltrans0.ltrans.o
 .text.rtc1_start
                0x0001c670       0x54 /tmp/cchMkfJi.ltrans0.ltrans.o
 .text.compare_reg_update.isra.1
                0x0001c6c4       0x80 /tmp/cchMkfJi.ltrans0.ltrans.o
 .text.timer_list_handler
                0x0001c744       0x50 /tmp/cchMkfJi.ltrans0.ltrans.o
 .text.SWI0_IRQHandler
                0x0001c794        0x8 /tmp/cchMkfJi.ltrans0.ltrans.o
 .text.DEF_IRQHandler
                0x0001c79c        0x4 /tmp/cchMkfJi.ltrans0.ltrans.o
 .text.intern_softdevice_events_execute.part.0
                0x0001c7a0       0x80 /tmp/cchMkfJi.ltrans0.ltrans.o
 .text.SWI2_IRQHandler.part.2
                0x0001c820       0x18 /tmp/cchMkfJi.ltrans0.ltrans.o
 .text.SWI2_IRQHandler
                0x0001c838       0x24 /tmp/cchMkfJi.ltrans0.ltrans.o
 .text.timeout_handler_exec.isra.3
                0x0001c85c       0x28 /tmp/cchMkfJi.ltrans0.ltrans.o
 .text.timer_timeouts_check
                0x0001c884       0x80 /tmp/cchMkfJi.ltrans0.ltrans.o
 .text.RTC1_IRQHandler
                0x0001c904       0x2c /tmp/cchMkfJi.ltrans0.ltrans.o
 .text._Z41__static_initialization_and_destruction_0ii.part.17
                0x0001c930       0x60 /tmp/cchMkfJi.ltrans0.ltrans.o
 .text._Z41__static_initialization_and_destruction_0ii
                0x0001c990       0x38 /tmp/cchMkfJi.ltrans0.ltrans.o
 .text._GLOBAL__sub_D__ZN8Terminal21terminalIsInitializedE
                0x0001c9c8       0x10 /tmp/cchMkfJi.ltrans0.ltrans.o
 .text._GLOBAL__sub_I__ZN8Terminal21terminalIsInitializedE
                0x0001c9d8       0x10 /tmp/cchMkfJi.ltrans0.ltrans.o
 .text.main     0x0001c9e8       0x80 /tmp/cchMkfJi.ltrans0.ltrans.o
                0x0001c9e8                main
 .text.SystemCoreClockUpdate
                0x0001ca68       0x30 /home/deploy/nrf/sdk/ehal_latest/ARM/Nordic/nRF51/CMSIS/Debug/libCMSIS.a(system_nrf51.o)
                0x0001ca68                SystemCoreClockUpdate
 .text.SystemInit
                0x0001ca98       0x5c /home/deploy/nrf/sdk/ehal_latest/ARM/Nordic/nRF51/CMSIS/Debug/libCMSIS.a(system_nrf51.o)
                0x0001ca98                SystemInit
 .text.is_manual_peripheral_setup_needed
                0x0001caf4       0x80 /home/deploy/nrf/sdk/ehal_latest/ARM/Nordic/nRF51/CMSIS/Debug/libCMSIS.a(system_nrf51.o)
 .text.is_disabled_in_debug_needed
                0x0001cb74       0x4c /home/deploy/nrf/sdk/ehal_latest/ARM/Nordic/nRF51/CMSIS/Debug/libCMSIS.a(system_nrf51.o)
 .text._ZdlPv   0x0001cbc0        0x8 /usr/local/gcc-arm-none-eabi-4_9-2015q2/bin/../lib/gcc/arm-none-eabi/4.9.3/../../../../arm-none-eabi/lib/armv6-m/libstdc++_nano.a(del_op.o)
                0x0001cbc0                operator delete(void*)
 .text._ZNSs4_Rep10_M_destroyERKSaIcE
                0x0001cbc8        0x8 /usr/local/gcc-arm-none-eabi-4_9-2015q2/bin/../lib/gcc/arm-none-eabi/4.9.3/../../../../arm-none-eabi/lib/armv6-m/libstdc++_nano.a(string-inst.o)
                0x0001cbc8                std::string::_Rep::_M_destroy(std::allocator<char> const&)
 .text.startup._GLOBAL__sub_I__ZTSSt21__ctype_abstract_baseIcE
                0x0001cbd0       0xc4 /usr/local/gcc-arm-none-eabi-4_9-2015q2/bin/../lib/gcc/arm-none-eabi/4.9.3/../../../../arm-none-eabi/lib/armv6-m/libstdc++_nano.a(locale-inst.o)
 .text.startup._GLOBAL__sub_I__ZTSSt16__numpunct_cacheIwE
                0x0001cc94       0xc4 /usr/local/gcc-arm-none-eabi-4_9-2015q2/bin/../lib/gcc/arm-none-eabi/4.9.3/../../../../arm-none-eabi/lib/armv6-m/libstdc++_nano.a(wlocale-inst.o)
 .text          0x0001cd58      0x120 /usr/local/gcc-arm-none-eabi-4_9-2015q2/bin/../lib/gcc/arm-none-eabi/4.9.3/armv6-m/libgcc.a(_udivsi3.o)
                0x0001cd58                __udivsi3
                0x0001cd58                __aeabi_uidiv
                0x0001ce64                __aeabi_uidivmod
 .text          0x0001ce78        0x4 /usr/local/gcc-arm-none-eabi-4_9-2015q2/bin/../lib/gcc/arm-none-eabi/4.9.3/armv6-m/libgcc.a(_dvmd_tls.o)
                0x0001ce78                __aeabi_ldiv0
                0x0001ce78                __aeabi_idiv0
 .text.atexit   0x0001ce7c       0x10 /usr/local/gcc-arm-none-eabi-4_9-2015q2/bin/../lib/gcc/arm-none-eabi/4.9.3/../../../../arm-none-eabi/lib/armv6-m/libg_nano.a(lib_a-atexit.o)
                0x0001ce7c                atexit
 .text.exit     0x0001ce8c       0x2c /usr/local/gcc-arm-none-eabi-4_9-2015q2/bin/../lib/gcc/arm-none-eabi/4.9.3/../../../../arm-none-eabi/lib/armv6-m/libg_nano.a(lib_a-exit.o)
                0x0001ce8c                exit
 .text.__libc_init_array
                0x0001ceb8       0x4c /usr/local/gcc-arm-none-eabi-4_9-2015q2/bin/../lib/gcc/arm-none-eabi/4.9.3/../../../../arm-none-eabi/lib/armv6-m/libg_nano.a(lib_a-init.o)
                0x0001ceb8                __libc_init_array
 .text.malloc   0x0001cf04       0x14 /usr/local/gcc-arm-none-eabi-4_9-2015q2/bin/../lib/gcc/arm-none-eabi/4.9.3/../../../../arm-none-eabi/lib/armv6-m/libg_nano.a(lib_a-malloc.o)
                0x0001cf04                malloc
 .text.free     0x0001cf18       0x14 /usr/local/gcc-arm-none-eabi-4_9-2015q2/bin/../lib/gcc/arm-none-eabi/4.9.3/../../../../arm-none-eabi/lib/armv6-m/libg_nano.a(lib_a-malloc.o)
                0x0001cf18                free
 .text.memcpy   0x0001cf2c       0x12 /usr/local/gcc-arm-none-eabi-4_9-2015q2/bin/../lib/gcc/arm-none-eabi/4.9.3/../../../../arm-none-eabi/lib/armv6-m/libg_nano.a(lib_a-memcpy.o)
                0x0001cf2c                memcpy
 .text.memset   0x0001cf3e       0x10 /usr/local/gcc-arm-none-eabi-4_9-2015q2/bin/../lib/gcc/arm-none-eabi/4.9.3/../../../../arm-none-eabi/lib/armv6-m/libg_nano.a(lib_a-memset.o)
                0x0001cf3e                memset
 *fill*         0x0001cf4e        0x2 
 .text._free_r  0x0001cf50       0x8c /usr/local/gcc-arm-none-eabi-4_9-2015q2/bin/../lib/gcc/arm-none-eabi/4.9.3/../../../../arm-none-eabi/lib/armv6-m/libg_nano.a(lib_a-nano-freer.o)
                0x0001cf50                _free_r
 .text._malloc_r
                0x0001cfdc       0xb0 /usr/local/gcc-arm-none-eabi-4_9-2015q2/bin/../lib/gcc/arm-none-eabi/4.9.3/../../../../arm-none-eabi/lib/armv6-m/libg_nano.a(lib_a-nano-mallocr.o)
                0x0001cfdc                _malloc_r
 .text._sbrk_r  0x0001d08c       0x24 /usr/local/gcc-arm-none-eabi-4_9-2015q2/bin/../lib/gcc/arm-none-eabi/4.9.3/../../../../arm-none-eabi/lib/armv6-m/libg_nano.a(lib_a-sbrkr.o)
                0x0001d08c                _sbrk_r
 .text.__register_exitproc
                0x0001d0b0       0xb8 /usr/local/gcc-arm-none-eabi-4_9-2015q2/bin/../lib/gcc/arm-none-eabi/4.9.3/../../../../arm-none-eabi/lib/armv6-m/libg_nano.a(lib_a-__atexit.o)
                0x0001d0b0                __register_exitproc
 .text.__call_exitprocs
                0x0001d168       0xe8 /usr/local/gcc-arm-none-eabi-4_9-2015q2/bin/../lib/gcc/arm-none-eabi/4.9.3/../../../../arm-none-eabi/lib/armv6-m/libg_nano.a(lib_a-__call_atexit.o)
                0x0001d168                __call_exitprocs
 .text._sbrk    0x0001d250       0x1c /usr/local/gcc-arm-none-eabi-4_9-2015q2/bin/../lib/gcc/arm-none-eabi/4.9.3/../../../../arm-none-eabi/lib/armv6-m/libnosys.a(sbrk.o)
                0x0001d250                _sbrk
 .text._exit    0x0001d26c        0x4 /usr/local/gcc-arm-none-eabi-4_9-2015q2/bin/../lib/gcc/arm-none-eabi/4.9.3/../../../../arm-none-eabi/lib/armv6-m/libnosys.a(_exit.o)
                0x0001d26c                _exit
 *(.rodata .rodata.* .rodata1)
 .rodata.str1.1
                0x0001d270        0x2 /usr/local/gcc-arm-none-eabi-4_9-2015q2/bin/../lib/gcc/arm-none-eabi/4.9.3/../../../../arm-none-eabi/lib/armv6-m/libg_nano.a(lib_a-impure.o)
 *fill*         0x0001d272        0x2 
 .rodata._global_impure_ptr
                0x0001d274        0x4 /usr/local/gcc-arm-none-eabi-4_9-2015q2/bin/../lib/gcc/arm-none-eabi/4.9.3/../../../../arm-none-eabi/lib/armv6-m/libg_nano.a(lib_a-impure.o)
                0x0001d274                _global_impure_ptr
 .rodata.__sf_fake_stdin
                0x0001d278       0x20 /usr/local/gcc-arm-none-eabi-4_9-2015q2/bin/../lib/gcc/arm-none-eabi/4.9.3/../../../../arm-none-eabi/lib/armv6-m/libg_nano.a(lib_a-findfp.o)
                0x0001d278                __sf_fake_stdin
 .rodata.__sf_fake_stdout
                0x0001d298       0x20 /usr/local/gcc-arm-none-eabi-4_9-2015q2/bin/../lib/gcc/arm-none-eabi/4.9.3/../../../../arm-none-eabi/lib/armv6-m/libg_nano.a(lib_a-findfp.o)
                0x0001d298                __sf_fake_stdout
 .rodata.__sf_fake_stderr
                0x0001d2b8       0x20 /usr/local/gcc-arm-none-eabi-4_9-2015q2/bin/../lib/gcc/arm-none-eabi/4.9.3/../../../../arm-none-eabi/lib/armv6-m/libg_nano.a(lib_a-findfp.o)
                0x0001d2b8                __sf_fake_stderr
 *(.gnu.linkonce.r.*)

.glue_7         0x0001d2d8        0x0
 .glue_7        0x00000000        0x0 linker stubs

.glue_7t        0x0001d2d8        0x0
 .glue_7t       0x00000000        0x0 linker stubs

.vfp11_veneer   0x0001d2d8        0x0
 .vfp11_veneer  0x00000000        0x0 linker stubs

.v4_bx          0x0001d2d8        0x0
 .v4_bx         0x00000000        0x0 linker stubs

.iplt           0x0001d2d8        0x0
 .iplt          0x00000000        0x0 /usr/local/gcc-arm-none-eabi-4_9-2015q2/bin/../lib/gcc/arm-none-eabi/4.9.3/armv6-m/crtbegin.o

.ARM.extab
 *(.ARM.extab* .gnu.linkonce.armextab.*)
                0x0001d2d8                PROVIDE (__exidx_start, .)

.ARM.exidx      0x0001d2d8        0x8
 *(.ARM.exidx* .gnu.linkonce.armexidx.*)
 .ARM.exidx     0x0001d2d8        0x8 /usr/local/gcc-arm-none-eabi-4_9-2015q2/bin/../lib/gcc/arm-none-eabi/4.9.3/../../../../arm-none-eabi/lib/armv6-m/crt0.o
                0x0001d2e0                PROVIDE (__exidx_end, .)

.eh_frame_hdr
 *(.eh_frame_hdr)

.eh_frame       0x0001d2e0        0x0
 *(.eh_frame)
 .eh_frame      0x0001d2e0        0x0 /usr/local/gcc-arm-none-eabi-4_9-2015q2/bin/../lib/gcc/arm-none-eabi/4.9.3/armv6-m/crtbegin.o

.rel.dyn        0x0001d2e0        0x0
 .rel.iplt      0x00000000        0x0 /usr/local/gcc-arm-none-eabi-4_9-2015q2/bin/../lib/gcc/arm-none-eabi/4.9.3/armv6-m/crtbegin.o

.gcc_except_table
 *(.gcc_except_table .gcc_except_table.*)
                0x0001d2e0                __text_end__ = .

.eh_frame
                0x0001d2e0                . = ALIGN (0x4)
 *(.eh_frame)

.gcc_except_table
                0x0001d2e0                . = ALIGN (0x4)
 *(.gcc_except_table .gcc_except_table.*)

.data           0x20002800       0x84 load address 0x0001d2e0
                0x20002800                PROVIDE (__preinit_array_start, .)
 *(.preinit_array)
                0x20002800                PROVIDE (__preinit_array_end, .)
                0x20002800                . = ALIGN (0x4)
                0x20002800                PROVIDE (__init_array_start, .)
 *(SORT(.init_array.*))
 *(.init_array)
 .init_array    0x20002800        0x4 /usr/local/gcc-arm-none-eabi-4_9-2015q2/bin/../lib/gcc/arm-none-eabi/4.9.3/armv6-m/crtbegin.o
 .init_array    0x20002804        0x4 /tmp/cchMkfJi.ltrans0.ltrans.o
 .init_array    0x20002808        0x4 /usr/local/gcc-arm-none-eabi-4_9-2015q2/bin/../lib/gcc/arm-none-eabi/4.9.3/../../../../arm-none-eabi/lib/armv6-m/libstdc++_nano.a(locale-inst.o)
 .init_array    0x2000280c        0x4 /usr/local/gcc-arm-none-eabi-4_9-2015q2/bin/../lib/gcc/arm-none-eabi/4.9.3/../../../../arm-none-eabi/lib/armv6-m/libstdc++_nano.a(wlocale-inst.o)
                0x20002810                PROVIDE (__init_array_end, .)
                0x20002810                . = ALIGN (0x4)
                0x20002810                PROVIDE (__fini_array_start, .)
 *(SORT(.fini_array.*))
 *(.fini_array)
 .fini_array    0x20002810        0x4 /usr/local/gcc-arm-none-eabi-4_9-2015q2/bin/../lib/gcc/arm-none-eabi/4.9.3/armv6-m/crtbegin.o
 .fini_array    0x20002814        0x4 /tmp/cchMkfJi.ltrans0.ltrans.o
                0x20002818                PROVIDE (__fini_array_end, .)
                0x20002818                . = ALIGN (0x4)
 *(vtable)
 *(.data*)
 .data.SystemCoreClock
                0x20002818        0x4 /home/deploy/nrf/sdk/ehal_latest/ARM/Nordic/nRF51/CMSIS/Debug/libCMSIS.a(system_nrf51.o)
                0x20002818                SystemCoreClock
 .data.SystemMicroSecNopCnt
                0x2000281c        0x4 /home/deploy/nrf/sdk/ehal_latest/ARM/Nordic/nRF51/CMSIS/Debug/libCMSIS.a(system_nrf51.o)
                0x2000281c                SystemMicroSecNopCnt
 .data.impure_data
                0x20002820       0x60 /usr/local/gcc-arm-none-eabi-4_9-2015q2/bin/../lib/gcc/arm-none-eabi/4.9.3/../../../../arm-none-eabi/lib/armv6-m/libg_nano.a(lib_a-impure.o)
 .data._impure_ptr
                0x20002880        0x4 /usr/local/gcc-arm-none-eabi-4_9-2015q2/bin/../lib/gcc/arm-none-eabi/4.9.3/../../../../arm-none-eabi/lib/armv6-m/libg_nano.a(lib_a-impure.o)
                0x20002880                _impure_ptr
 *(.fastrun*)
 *(.jcr)
 .jcr           0x20002884        0x0 /usr/local/gcc-arm-none-eabi-4_9-2015q2/bin/../lib/gcc/arm-none-eabi/4.9.3/armv6-m/crtbegin.o
                0x20002884                __data_end__ = .
                0x20002800                __data_start__ = ADDR (.data)
                0x0001d2e0                __data_loc__ = LOADADDR (.data)
                0x00000084                __data_size__ = SIZEOF (.data)

.igot.plt       0x20002884        0x0 load address 0x0001d364
 .igot.plt      0x00000000        0x0 /usr/local/gcc-arm-none-eabi-4_9-2015q2/bin/../lib/gcc/arm-none-eabi/4.9.3/armv6-m/crtbegin.o

.bss            0x20002884      0x170 load address 0x0001d364
                0x20002884                __bss_start__ = .
 *(.bss*)
 .bss           0x20002884       0x1c /usr/local/gcc-arm-none-eabi-4_9-2015q2/bin/../lib/gcc/arm-none-eabi/4.9.3/armv6-m/crtbegin.o
 .bss           0x200028a0       0x44 /tmp/cchMkfJi.ltrans0.ltrans.o
 .bss._ZNSs4_Rep20_S_empty_rep_storageE
                0x200028e4       0x10 /usr/local/gcc-arm-none-eabi-4_9-2015q2/bin/../lib/gcc/arm-none-eabi/4.9.3/../../../../arm-none-eabi/lib/armv6-m/libstdc++_nano.a(string-inst.o)
                0x200028e4                std::string::_Rep::_S_empty_rep_storage
 .bss._ZGVNSt7collateIcE2idE
                0x200028f4        0x4 /usr/local/gcc-arm-none-eabi-4_9-2015q2/bin/../lib/gcc/arm-none-eabi/4.9.3/../../../../arm-none-eabi/lib/armv6-m/libstdc++_nano.a(locale-inst.o)
                0x200028f4                guard variable for std::collate<char>::id
 .bss._ZGVNSt8messagesIcE2idE
                0x200028f8        0x4 /usr/local/gcc-arm-none-eabi-4_9-2015q2/bin/../lib/gcc/arm-none-eabi/4.9.3/../../../../arm-none-eabi/lib/armv6-m/libstdc++_nano.a(locale-inst.o)
                0x200028f8                guard variable for std::messages<char>::id
 .bss._ZGVNSt8time_getIcSt19istreambuf_iteratorIcSt11char_traitsIcEEE2idE
                0x200028fc        0x4 /usr/local/gcc-arm-none-eabi-4_9-2015q2/bin/../lib/gcc/arm-none-eabi/4.9.3/../../../../arm-none-eabi/lib/armv6-m/libstdc++_nano.a(locale-inst.o)
                0x200028fc                guard variable for std::time_get<char, std::istreambuf_iterator<char, std::char_traits<char> > >::id
 .bss._ZGVNSt8time_putIcSt19ostreambuf_iteratorIcSt11char_traitsIcEEE2idE
                0x20002900        0x4 /usr/local/gcc-arm-none-eabi-4_9-2015q2/bin/../lib/gcc/arm-none-eabi/4.9.3/../../../../arm-none-eabi/lib/armv6-m/libstdc++_nano.a(locale-inst.o)
                0x20002900                guard variable for std::time_put<char, std::ostreambuf_iterator<char, std::char_traits<char> > >::id
 .bss._ZGVNSt11__timepunctIcE2idE
                0x20002904        0x4 /usr/local/gcc-arm-none-eabi-4_9-2015q2/bin/../lib/gcc/arm-none-eabi/4.9.3/../../../../arm-none-eabi/lib/armv6-m/libstdc++_nano.a(locale-inst.o)
                0x20002904                guard variable for std::__timepunct<char>::id
 .bss._ZGVNSt7num_putIcSt19ostreambuf_iteratorIcSt11char_traitsIcEEE2idE
                0x20002908        0x4 /usr/local/gcc-arm-none-eabi-4_9-2015q2/bin/../lib/gcc/arm-none-eabi/4.9.3/../../../../arm-none-eabi/lib/armv6-m/libstdc++_nano.a(locale-inst.o)
                0x20002908                guard variable for std::num_put<char, std::ostreambuf_iterator<char, std::char_traits<char> > >::id
 .bss._ZGVNSt7num_getIcSt19istreambuf_iteratorIcSt11char_traitsIcEEE2idE
                0x2000290c        0x4 /usr/local/gcc-arm-none-eabi-4_9-2015q2/bin/../lib/gcc/arm-none-eabi/4.9.3/../../../../arm-none-eabi/lib/armv6-m/libstdc++_nano.a(locale-inst.o)
                0x2000290c                guard variable for std::num_get<char, std::istreambuf_iterator<char, std::char_traits<char> > >::id
 .bss._ZGVNSt8numpunctIcE2idE
                0x20002910        0x4 /usr/local/gcc-arm-none-eabi-4_9-2015q2/bin/../lib/gcc/arm-none-eabi/4.9.3/../../../../arm-none-eabi/lib/armv6-m/libstdc++_nano.a(locale-inst.o)
                0x20002910                guard variable for std::numpunct<char>::id
 .bss._ZGVNSt9money_putIcSt19ostreambuf_iteratorIcSt11char_traitsIcEEE2idE
                0x20002914        0x4 /usr/local/gcc-arm-none-eabi-4_9-2015q2/bin/../lib/gcc/arm-none-eabi/4.9.3/../../../../arm-none-eabi/lib/armv6-m/libstdc++_nano.a(locale-inst.o)
                0x20002914                guard variable for std::money_put<char, std::ostreambuf_iterator<char, std::char_traits<char> > >::id
 .bss._ZGVNSt9money_getIcSt19istreambuf_iteratorIcSt11char_traitsIcEEE2idE
                0x20002918        0x4 /usr/local/gcc-arm-none-eabi-4_9-2015q2/bin/../lib/gcc/arm-none-eabi/4.9.3/../../../../arm-none-eabi/lib/armv6-m/libstdc++_nano.a(locale-inst.o)
                0x20002918                guard variable for std::money_get<char, std::istreambuf_iterator<char, std::char_traits<char> > >::id
 .bss._ZGVNSt10moneypunctIcLb1EE2idE
                0x2000291c        0x4 /usr/local/gcc-arm-none-eabi-4_9-2015q2/bin/../lib/gcc/arm-none-eabi/4.9.3/../../../../arm-none-eabi/lib/armv6-m/libstdc++_nano.a(locale-inst.o)
                0x2000291c                guard variable for std::moneypunct<char, true>::id
 .bss._ZGVNSt10moneypunctIcLb0EE2idE
                0x20002920        0x4 /usr/local/gcc-arm-none-eabi-4_9-2015q2/bin/../lib/gcc/arm-none-eabi/4.9.3/../../../../arm-none-eabi/lib/armv6-m/libstdc++_nano.a(locale-inst.o)
                0x20002920                guard variable for std::moneypunct<char, false>::id
 .bss._ZGVNSt7collateIwE2idE
                0x20002924        0x4 /usr/local/gcc-arm-none-eabi-4_9-2015q2/bin/../lib/gcc/arm-none-eabi/4.9.3/../../../../arm-none-eabi/lib/armv6-m/libstdc++_nano.a(wlocale-inst.o)
                0x20002924                guard variable for std::collate<wchar_t>::id
 .bss._ZGVNSt8messagesIwE2idE
                0x20002928        0x4 /usr/local/gcc-arm-none-eabi-4_9-2015q2/bin/../lib/gcc/arm-none-eabi/4.9.3/../../../../arm-none-eabi/lib/armv6-m/libstdc++_nano.a(wlocale-inst.o)
                0x20002928                guard variable for std::messages<wchar_t>::id
 .bss._ZGVNSt8time_getIwSt19istreambuf_iteratorIwSt11char_traitsIwEEE2idE
                0x2000292c        0x4 /usr/local/gcc-arm-none-eabi-4_9-2015q2/bin/../lib/gcc/arm-none-eabi/4.9.3/../../../../arm-none-eabi/lib/armv6-m/libstdc++_nano.a(wlocale-inst.o)
                0x2000292c                guard variable for std::time_get<wchar_t, std::istreambuf_iterator<wchar_t, std::char_traits<wchar_t> > >::id
 .bss._ZGVNSt8time_putIwSt19ostreambuf_iteratorIwSt11char_traitsIwEEE2idE
                0x20002930        0x4 /usr/local/gcc-arm-none-eabi-4_9-2015q2/bin/../lib/gcc/arm-none-eabi/4.9.3/../../../../arm-none-eabi/lib/armv6-m/libstdc++_nano.a(wlocale-inst.o)
                0x20002930                guard variable for std::time_put<wchar_t, std::ostreambuf_iterator<wchar_t, std::char_traits<wchar_t> > >::id
 .bss._ZGVNSt11__timepunctIwE2idE
                0x20002934        0x4 /usr/local/gcc-arm-none-eabi-4_9-2015q2/bin/../lib/gcc/arm-none-eabi/4.9.3/../../../../arm-none-eabi/lib/armv6-m/libstdc++_nano.a(wlocale-inst.o)
                0x20002934                guard variable for std::__timepunct<wchar_t>::id
 .bss._ZGVNSt7num_putIwSt19ostreambuf_iteratorIwSt11char_traitsIwEEE2idE
                0x20002938        0x4 /usr/local/gcc-arm-none-eabi-4_9-2015q2/bin/../lib/gcc/arm-none-eabi/4.9.3/../../../../arm-none-eabi/lib/armv6-m/libstdc++_nano.a(wlocale-inst.o)
                0x20002938                guard variable for std::num_put<wchar_t, std::ostreambuf_iterator<wchar_t, std::char_traits<wchar_t> > >::id
 .bss._ZGVNSt7num_getIwSt19istreambuf_iteratorIwSt11char_traitsIwEEE2idE
                0x2000293c        0x4 /usr/local/gcc-arm-none-eabi-4_9-2015q2/bin/../lib/gcc/arm-none-eabi/4.9.3/../../../../arm-none-eabi/lib/armv6-m/libstdc++_nano.a(wlocale-inst.o)
                0x2000293c                guard variable for std::num_get<wchar_t, std::istreambuf_iterator<wchar_t, std::char_traits<wchar_t> > >::id
 .bss._ZGVNSt8numpunctIwE2idE
                0x20002940        0x4 /usr/local/gcc-arm-none-eabi-4_9-2015q2/bin/../lib/gcc/arm-none-eabi/4.9.3/../../../../arm-none-eabi/lib/armv6-m/libstdc++_nano.a(wlocale-inst.o)
                0x20002940                guard variable for std::numpunct<wchar_t>::id
 .bss._ZGVNSt9money_putIwSt19ostreambuf_iteratorIwSt11char_traitsIwEEE2idE
                0x20002944        0x4 /usr/local/gcc-arm-none-eabi-4_9-2015q2/bin/../lib/gcc/arm-none-eabi/4.9.3/../../../../arm-none-eabi/lib/armv6-m/libstdc++_nano.a(wlocale-inst.o)
                0x20002944                guard variable for std::money_put<wchar_t, std::ostreambuf_iterator<wchar_t, std::char_traits<wchar_t> > >::id
 .bss._ZGVNSt9money_getIwSt19istreambuf_iteratorIwSt11char_traitsIwEEE2idE
                0x20002948        0x4 /usr/local/gcc-arm-none-eabi-4_9-2015q2/bin/../lib/gcc/arm-none-eabi/4.9.3/../../../../arm-none-eabi/lib/armv6-m/libstdc++_nano.a(wlocale-inst.o)
                0x20002948                guard variable for std::money_get<wchar_t, std::istreambuf_iterator<wchar_t, std::char_traits<wchar_t> > >::id
 .bss._ZGVNSt10moneypunctIwLb1EE2idE
                0x2000294c        0x4 /usr/local/gcc-arm-none-eabi-4_9-2015q2/bin/../lib/gcc/arm-none-eabi/4.9.3/../../../../arm-none-eabi/lib/armv6-m/libstdc++_nano.a(wlocale-inst.o)
                0x2000294c                guard variable for std::moneypunct<wchar_t, true>::id
 .bss._ZGVNSt10moneypunctIwLb0EE2idE
                0x20002950        0x4 /usr/local/gcc-arm-none-eabi-4_9-2015q2/bin/../lib/gcc/arm-none-eabi/4.9.3/../../../../arm-none-eabi/lib/armv6-m/libstdc++_nano.a(wlocale-inst.o)
                0x20002950                guard variable for std::moneypunct<wchar_t, false>::id
 .bss.__malloc_sbrk_start
                0x20002954        0x4 /usr/local/gcc-arm-none-eabi-4_9-2015q2/bin/../lib/gcc/arm-none-eabi/4.9.3/../../../../arm-none-eabi/lib/armv6-m/libg_nano.a(lib_a-nano-mallocr.o)
                0x20002954                __malloc_sbrk_start
 .bss.__malloc_free_list
                0x20002958        0x4 /usr/local/gcc-arm-none-eabi-4_9-2015q2/bin/../lib/gcc/arm-none-eabi/4.9.3/../../../../arm-none-eabi/lib/armv6-m/libg_nano.a(lib_a-nano-mallocr.o)
                0x20002958                __malloc_free_list
 .bss._global_atexit0
                0x2000295c       0x8c /usr/local/gcc-arm-none-eabi-4_9-2015q2/bin/../lib/gcc/arm-none-eabi/4.9.3/../../../../arm-none-eabi/lib/armv6-m/libg_nano.a(lib_a-__atexit.o)
 .bss._global_atexit
                0x200029e8        0x4 /usr/local/gcc-arm-none-eabi-4_9-2015q2/bin/../lib/gcc/arm-none-eabi/4.9.3/../../../../arm-none-eabi/lib/armv6-m/libg_nano.a(lib_a-__call_atexit.o)
                0x200029e8                _global_atexit
 .bss.heap_end.4079
                0x200029ec        0x4 /usr/local/gcc-arm-none-eabi-4_9-2015q2/bin/../lib/gcc/arm-none-eabi/4.9.3/../../../../arm-none-eabi/lib/armv6-m/libnosys.a(sbrk.o)
 *(COMMON)
 COMMON         0x200029f0        0x4 /usr/local/gcc-arm-none-eabi-4_9-2015q2/bin/../lib/gcc/arm-none-eabi/4.9.3/../../../../arm-none-eabi/lib/armv6-m/libg_nano.a(lib_a-reent.o)
                0x200029f0                errno
 *(.gnu.linkonce.b.*)
                0x200029f4                __bss_end__ = .
                0x200029f4                PROVIDE (end, .)
                0x00000170                __bss_size__ = SIZEOF (.bss)

.heap           0x200029f4        0x0 load address 0x0001d364
                0x200029f4                __end__ = .
                0x200029f4                end = __end__
                0x200029f4                _pvHeapStart = .
 *(.heap*)
                0x200029f4                __HeapLimit = .

.stack_dummy    0x200029f4        0x0 load address 0x0001d364
 *(.stack*)
                0x20008000                __StackTop = (ORIGIN (RAM) + 0x5800)
                0x20008000                __StackLimit = (__StackTop - SIZEOF (.stack_dummy))
                0x20008000                PROVIDE (__stack, __StackTop)
                0x00000001                ASSERT ((__StackLimit >= __HeapLimit), region RAM overflowed with stack)
OUTPUT(_build/Blinky.elf elf32-littlearm)

.ARM.attributes
                0x00000000       0x28
 .ARM.attributes
                0x00000000       0x1e /usr/local/gcc-arm-none-eabi-4_9-2015q2/bin/../lib/gcc/arm-none-eabi/4.9.3/armv6-m/crti.o
 .ARM.attributes
                0x0000001e       0x2c /usr/local/gcc-arm-none-eabi-4_9-2015q2/bin/../lib/gcc/arm-none-eabi/4.9.3/armv6-m/crtbegin.o
 .ARM.attributes
                0x0000004a       0x1b /usr/local/gcc-arm-none-eabi-4_9-2015q2/bin/../lib/gcc/arm-none-eabi/4.9.3/../../../../arm-none-eabi/lib/armv6-m/crt0.o
 .ARM.attributes
                0x00000065       0x2f /tmp/cchMkfJi.ltrans0.ltrans.o
 .ARM.attributes
                0x00000094       0x31 /home/deploy/nrf/sdk/ehal_latest/ARM/Nordic/nRF51/CMSIS/Debug/libCMSIS.a(ResetEntry.o)
 .ARM.attributes
                0x000000c5       0x31 /home/deploy/nrf/sdk/ehal_latest/ARM/Nordic/nRF51/CMSIS/Debug/libCMSIS.a(system_nrf51.o)
 .ARM.attributes
                0x000000f6       0x2c /usr/local/gcc-arm-none-eabi-4_9-2015q2/bin/../lib/gcc/arm-none-eabi/4.9.3/../../../../arm-none-eabi/lib/armv6-m/libstdc++_nano.a(del_op.o)
 .ARM.attributes
                0x00000122       0x2c /usr/local/gcc-arm-none-eabi-4_9-2015q2/bin/../lib/gcc/arm-none-eabi/4.9.3/../../../../arm-none-eabi/lib/armv6-m/libstdc++_nano.a(string-inst.o)
 .ARM.attributes
                0x0000014e       0x2c /usr/local/gcc-arm-none-eabi-4_9-2015q2/bin/../lib/gcc/arm-none-eabi/4.9.3/../../../../arm-none-eabi/lib/armv6-m/libstdc++_nano.a(locale-inst.o)
 .ARM.attributes
                0x0000017a       0x2c /usr/local/gcc-arm-none-eabi-4_9-2015q2/bin/../lib/gcc/arm-none-eabi/4.9.3/../../../../arm-none-eabi/lib/armv6-m/libstdc++_nano.a(wlocale-inst.o)
 .ARM.attributes
                0x000001a6       0x1e /usr/local/gcc-arm-none-eabi-4_9-2015q2/bin/../lib/gcc/arm-none-eabi/4.9.3/armv6-m/libgcc.a(_udivsi3.o)
 .ARM.attributes
                0x000001c4       0x1e /usr/local/gcc-arm-none-eabi-4_9-2015q2/bin/../lib/gcc/arm-none-eabi/4.9.3/armv6-m/libgcc.a(_dvmd_tls.o)
 .ARM.attributes
                0x000001e2       0x2c /usr/local/gcc-arm-none-eabi-4_9-2015q2/bin/../lib/gcc/arm-none-eabi/4.9.3/../../../../arm-none-eabi/lib/armv6-m/libg_nano.a(lib_a-atexit.o)
 .ARM.attributes
                0x0000020e       0x2c /usr/local/gcc-arm-none-eabi-4_9-2015q2/bin/../lib/gcc/arm-none-eabi/4.9.3/../../../../arm-none-eabi/lib/armv6-m/libg_nano.a(lib_a-exit.o)
 .ARM.attributes
                0x0000023a       0x2c /usr/local/gcc-arm-none-eabi-4_9-2015q2/bin/../lib/gcc/arm-none-eabi/4.9.3/../../../../arm-none-eabi/lib/armv6-m/libg_nano.a(lib_a-impure.o)
 .ARM.attributes
                0x00000266       0x2c /usr/local/gcc-arm-none-eabi-4_9-2015q2/bin/../lib/gcc/arm-none-eabi/4.9.3/../../../../arm-none-eabi/lib/armv6-m/libg_nano.a(lib_a-init.o)
 .ARM.attributes
                0x00000292       0x2c /usr/local/gcc-arm-none-eabi-4_9-2015q2/bin/../lib/gcc/arm-none-eabi/4.9.3/../../../../arm-none-eabi/lib/armv6-m/libg_nano.a(lib_a-malloc.o)
 .ARM.attributes
                0x000002be       0x2c /usr/local/gcc-arm-none-eabi-4_9-2015q2/bin/../lib/gcc/arm-none-eabi/4.9.3/../../../../arm-none-eabi/lib/armv6-m/libg_nano.a(lib_a-memcpy.o)
 .ARM.attributes
                0x000002ea       0x2c /usr/local/gcc-arm-none-eabi-4_9-2015q2/bin/../lib/gcc/arm-none-eabi/4.9.3/../../../../arm-none-eabi/lib/armv6-m/libg_nano.a(lib_a-memset.o)
 .ARM.attributes
                0x00000316       0x2c /usr/local/gcc-arm-none-eabi-4_9-2015q2/bin/../lib/gcc/arm-none-eabi/4.9.3/../../../../arm-none-eabi/lib/armv6-m/libg_nano.a(lib_a-nano-freer.o)
 .ARM.attributes
                0x00000342       0x2c /usr/local/gcc-arm-none-eabi-4_9-2015q2/bin/../lib/gcc/arm-none-eabi/4.9.3/../../../../arm-none-eabi/lib/armv6-m/libg_nano.a(lib_a-nano-mallocr.o)
 .ARM.attributes
                0x0000036e       0x2c /usr/local/gcc-arm-none-eabi-4_9-2015q2/bin/../lib/gcc/arm-none-eabi/4.9.3/../../../../arm-none-eabi/lib/armv6-m/libg_nano.a(lib_a-sbrkr.o)
 .ARM.attributes
                0x0000039a       0x2c /usr/local/gcc-arm-none-eabi-4_9-2015q2/bin/../lib/gcc/arm-none-eabi/4.9.3/../../../../arm-none-eabi/lib/armv6-m/libg_nano.a(lib_a-__atexit.o)
 .ARM.attributes
                0x000003c6       0x2c /usr/local/gcc-arm-none-eabi-4_9-2015q2/bin/../lib/gcc/arm-none-eabi/4.9.3/../../../../arm-none-eabi/lib/armv6-m/libg_nano.a(lib_a-__call_atexit.o)
 .ARM.attributes
                0x000003f2       0x2c /usr/local/gcc-arm-none-eabi-4_9-2015q2/bin/../lib/gcc/arm-none-eabi/4.9.3/../../../../arm-none-eabi/lib/armv6-m/libg_nano.a(lib_a-findfp.o)
 .ARM.attributes
                0x0000041e       0x2c /usr/local/gcc-arm-none-eabi-4_9-2015q2/bin/../lib/gcc/arm-none-eabi/4.9.3/../../../../arm-none-eabi/lib/armv6-m/libg_nano.a(lib_a-reent.o)
 .ARM.attributes
                0x0000044a       0x1e /usr/local/gcc-arm-none-eabi-4_9-2015q2/bin/../lib/gcc/arm-none-eabi/4.9.3/armv6-m/crtn.o
 .ARM.attributes
                0x00000468       0x2c /usr/local/gcc-arm-none-eabi-4_9-2015q2/bin/../lib/gcc/arm-none-eabi/4.9.3/../../../../arm-none-eabi/lib/armv6-m/libnosys.a(sbrk.o)
 .ARM.attributes
                0x00000494       0x2c /usr/local/gcc-arm-none-eabi-4_9-2015q2/bin/../lib/gcc/arm-none-eabi/4.9.3/../../../../arm-none-eabi/lib/armv6-m/libnosys.a(_exit.o)

.comment        0x00000000       0xe0
 .comment       0x00000000       0x70 /tmp/cchMkfJi.ltrans0.ltrans.o
                                 0x71 (size before relaxing)
 .comment       0x00000070       0x70 /home/deploy/nrf/sdk/ehal_latest/ARM/Nordic/nRF51/CMSIS/Debug/libCMSIS.a(ResetEntry.o)
                                 0x71 (size before relaxing)
 .comment       0x00000000       0x71 /home/deploy/nrf/sdk/ehal_latest/ARM/Nordic/nRF51/CMSIS/Debug/libCMSIS.a(system_nrf51.o)

.debug_info     0x00000000     0x32d0
 .debug_info    0x00000000     0x2b71 /tmp/cchMkfJi.ltrans0.ltrans.o
 .debug_info    0x00002b71       0xd1 /home/deploy/nrf/sdk/ehal_latest/ARM/Nordic/nRF51/CMSIS/Debug/libCMSIS.a(ResetEntry.o)
 .debug_info    0x00002c42      0x68e /home/deploy/nrf/sdk/ehal_latest/ARM/Nordic/nRF51/CMSIS/Debug/libCMSIS.a(system_nrf51.o)

.debug_abbrev   0x00000000      0x7f5
 .debug_abbrev  0x00000000      0x68b /tmp/cchMkfJi.ltrans0.ltrans.o
 .debug_abbrev  0x0000068b       0x63 /home/deploy/nrf/sdk/ehal_latest/ARM/Nordic/nRF51/CMSIS/Debug/libCMSIS.a(ResetEntry.o)
 .debug_abbrev  0x000006ee      0x107 /home/deploy/nrf/sdk/ehal_latest/ARM/Nordic/nRF51/CMSIS/Debug/libCMSIS.a(system_nrf51.o)

.debug_loc      0x00000000      0x7d3
 .debug_loc     0x00000000      0x7d3 /tmp/cchMkfJi.ltrans0.ltrans.o

.debug_aranges  0x00000000      0x140
 .debug_aranges
                0x00000000       0xe8 /tmp/cchMkfJi.ltrans0.ltrans.o
 .debug_aranges
                0x000000e8       0x20 /home/deploy/nrf/sdk/ehal_latest/ARM/Nordic/nRF51/CMSIS/Debug/libCMSIS.a(ResetEntry.o)
 .debug_aranges
                0x00000108       0x38 /home/deploy/nrf/sdk/ehal_latest/ARM/Nordic/nRF51/CMSIS/Debug/libCMSIS.a(system_nrf51.o)

.debug_ranges   0x00000000      0x160
 .debug_ranges  0x00000000      0x128 /tmp/cchMkfJi.ltrans0.ltrans.o
 .debug_ranges  0x00000128       0x10 /home/deploy/nrf/sdk/ehal_latest/ARM/Nordic/nRF51/CMSIS/Debug/libCMSIS.a(ResetEntry.o)
 .debug_ranges  0x00000138       0x28 /home/deploy/nrf/sdk/ehal_latest/ARM/Nordic/nRF51/CMSIS/Debug/libCMSIS.a(system_nrf51.o)

.debug_line     0x00000000     0x100b
 .debug_line    0x00000000      0xa84 /tmp/cchMkfJi.ltrans0.ltrans.o
 .debug_line    0x00000a84      0x23a /home/deploy/nrf/sdk/ehal_latest/ARM/Nordic/nRF51/CMSIS/Debug/libCMSIS.a(ResetEntry.o)
 .debug_line    0x00000cbe      0x34d /home/deploy/nrf/sdk/ehal_latest/ARM/Nordic/nRF51/CMSIS/Debug/libCMSIS.a(system_nrf51.o)

.debug_str      0x00000000    0x344db
 .debug_str     0x00000000     0x1774 /tmp/cchMkfJi.ltrans0.ltrans.o
                               0x18ae (size before relaxing)
 .debug_str     0x00001774     0x5dd3 /home/deploy/nrf/sdk/ehal_latest/ARM/Nordic/nRF51/CMSIS/Debug/libCMSIS.a(ResetEntry.o)
                               0x5f9f (size before relaxing)
 .debug_str     0x00007547    0x2cf94 /home/deploy/nrf/sdk/ehal_latest/ARM/Nordic/nRF51/CMSIS/Debug/libCMSIS.a(system_nrf51.o)
                              0x2fe21 (size before relaxing)

.debug_frame    0x00000000     0x52dc
 .debug_frame   0x00000000      0x274 /tmp/cchMkfJi.ltrans0.ltrans.o
 .debug_frame   0x00000274       0x2c /home/deploy/nrf/sdk/ehal_latest/ARM/Nordic/nRF51/CMSIS/Debug/libCMSIS.a(ResetEntry.o)
 .debug_frame   0x000002a0       0x80 /home/deploy/nrf/sdk/ehal_latest/ARM/Nordic/nRF51/CMSIS/Debug/libCMSIS.a(system_nrf51.o)
 .debug_frame   0x00000320       0x28 /usr/local/gcc-arm-none-eabi-4_9-2015q2/bin/../lib/gcc/arm-none-eabi/4.9.3/../../../../arm-none-eabi/lib/armv6-m/libstdc++_nano.a(del_op.o)
 .debug_frame   0x00000348     0x1190 /usr/local/gcc-arm-none-eabi-4_9-2015q2/bin/../lib/gcc/arm-none-eabi/4.9.3/../../../../arm-none-eabi/lib/armv6-m/libstdc++_nano.a(string-inst.o)
 .debug_frame   0x000014d8     0x1d14 /usr/local/gcc-arm-none-eabi-4_9-2015q2/bin/../lib/gcc/arm-none-eabi/4.9.3/../../../../arm-none-eabi/lib/armv6-m/libstdc++_nano.a(locale-inst.o)
 .debug_frame   0x000031ec     0x1d1c /usr/local/gcc-arm-none-eabi-4_9-2015q2/bin/../lib/gcc/arm-none-eabi/4.9.3/../../../../arm-none-eabi/lib/armv6-m/libstdc++_nano.a(wlocale-inst.o)
 .debug_frame   0x00004f08       0x20 /usr/local/gcc-arm-none-eabi-4_9-2015q2/bin/../lib/gcc/arm-none-eabi/4.9.3/armv6-m/libgcc.a(_udivsi3.o)
 .debug_frame   0x00004f28       0x28 /usr/local/gcc-arm-none-eabi-4_9-2015q2/bin/../lib/gcc/arm-none-eabi/4.9.3/../../../../arm-none-eabi/lib/armv6-m/libg_nano.a(lib_a-atexit.o)
 .debug_frame   0x00004f50       0x28 /usr/local/gcc-arm-none-eabi-4_9-2015q2/bin/../lib/gcc/arm-none-eabi/4.9.3/../../../../arm-none-eabi/lib/armv6-m/libg_nano.a(lib_a-exit.o)
 .debug_frame   0x00004f78       0x2c /usr/local/gcc-arm-none-eabi-4_9-2015q2/bin/../lib/gcc/arm-none-eabi/4.9.3/../../../../arm-none-eabi/lib/armv6-m/libg_nano.a(lib_a-init.o)
 .debug_frame   0x00004fa4       0x40 /usr/local/gcc-arm-none-eabi-4_9-2015q2/bin/../lib/gcc/arm-none-eabi/4.9.3/../../../../arm-none-eabi/lib/armv6-m/libg_nano.a(lib_a-malloc.o)
 .debug_frame   0x00004fe4       0x28 /usr/local/gcc-arm-none-eabi-4_9-2015q2/bin/../lib/gcc/arm-none-eabi/4.9.3/../../../../arm-none-eabi/lib/armv6-m/libg_nano.a(lib_a-memcpy.o)
 .debug_frame   0x0000500c       0x20 /usr/local/gcc-arm-none-eabi-4_9-2015q2/bin/../lib/gcc/arm-none-eabi/4.9.3/../../../../arm-none-eabi/lib/armv6-m/libg_nano.a(lib_a-memset.o)
 .debug_frame   0x0000502c       0x2c /usr/local/gcc-arm-none-eabi-4_9-2015q2/bin/../lib/gcc/arm-none-eabi/4.9.3/../../../../arm-none-eabi/lib/armv6-m/libg_nano.a(lib_a-nano-freer.o)
 .debug_frame   0x00005058       0x2c /usr/local/gcc-arm-none-eabi-4_9-2015q2/bin/../lib/gcc/arm-none-eabi/4.9.3/../../../../arm-none-eabi/lib/armv6-m/libg_nano.a(lib_a-nano-mallocr.o)
 .debug_frame   0x00005084       0x2c /usr/local/gcc-arm-none-eabi-4_9-2015q2/bin/../lib/gcc/arm-none-eabi/4.9.3/../../../../arm-none-eabi/lib/armv6-m/libg_nano.a(lib_a-sbrkr.o)
 .debug_frame   0x000050b0       0x34 /usr/local/gcc-arm-none-eabi-4_9-2015q2/bin/../lib/gcc/arm-none-eabi/4.9.3/../../../../arm-none-eabi/lib/armv6-m/libg_nano.a(lib_a-__atexit.o)
 .debug_frame   0x000050e4       0x30 /usr/local/gcc-arm-none-eabi-4_9-2015q2/bin/../lib/gcc/arm-none-eabi/4.9.3/../../../../arm-none-eabi/lib/armv6-m/libg_nano.a(lib_a-__call_atexit.o)
 .debug_frame   0x00005114      0x140 /usr/local/gcc-arm-none-eabi-4_9-2015q2/bin/../lib/gcc/arm-none-eabi/4.9.3/../../../../arm-none-eabi/lib/armv6-m/libg_nano.a(lib_a-findfp.o)
 .debug_frame   0x00005254       0x48 /usr/local/gcc-arm-none-eabi-4_9-2015q2/bin/../lib/gcc/arm-none-eabi/4.9.3/../../../../arm-none-eabi/lib/armv6-m/libg_nano.a(lib_a-reent.o)
 .debug_frame   0x0000529c       0x20 /usr/local/gcc-arm-none-eabi-4_9-2015q2/bin/../lib/gcc/arm-none-eabi/4.9.3/../../../../arm-none-eabi/lib/armv6-m/libnosys.a(sbrk.o)
 .debug_frame   0x000052bc       0x20 /usr/local/gcc-arm-none-eabi-4_9-2015q2/bin/../lib/gcc/arm-none-eabi/4.9.3/../../../../arm-none-eabi/lib/armv6-m/libnosys.a(_exit.o)

.debug_macro    0x00000000     0x9cba
 .debug_macro   0x00000000      0x13d /home/deploy/nrf/sdk/ehal_latest/ARM/Nordic/nRF51/CMSIS/Debug/libCMSIS.a(ResetEntry.o)
 .debug_macro   0x0000013d      0x82c /home/deploy/nrf/sdk/ehal_latest/ARM/Nordic/nRF51/CMSIS/Debug/libCMSIS.a(ResetEntry.o)
 .debug_macro   0x00000969       0x22 /home/deploy/nrf/sdk/ehal_latest/ARM/Nordic/nRF51/CMSIS/Debug/libCMSIS.a(ResetEntry.o)
 .debug_macro   0x0000098b       0x44 /home/deploy/nrf/sdk/ehal_latest/ARM/Nordic/nRF51/CMSIS/Debug/libCMSIS.a(ResetEntry.o)
 .debug_macro   0x000009cf       0x1c /home/deploy/nrf/sdk/ehal_latest/ARM/Nordic/nRF51/CMSIS/Debug/libCMSIS.a(ResetEntry.o)
 .debug_macro   0x000009eb      0x1f7 /home/deploy/nrf/sdk/ehal_latest/ARM/Nordic/nRF51/CMSIS/Debug/libCMSIS.a(ResetEntry.o)
 .debug_macro   0x00000be2       0x58 /home/deploy/nrf/sdk/ehal_latest/ARM/Nordic/nRF51/CMSIS/Debug/libCMSIS.a(ResetEntry.o)
 .debug_macro   0x00000c3a       0x35 /home/deploy/nrf/sdk/ehal_latest/ARM/Nordic/nRF51/CMSIS/Debug/libCMSIS.a(ResetEntry.o)
 .debug_macro   0x00000c6f       0x9c /home/deploy/nrf/sdk/ehal_latest/ARM/Nordic/nRF51/CMSIS/Debug/libCMSIS.a(ResetEntry.o)
 .debug_macro   0x00000d0b      0x166 /home/deploy/nrf/sdk/ehal_latest/ARM/Nordic/nRF51/CMSIS/Debug/libCMSIS.a(ResetEntry.o)
 .debug_macro   0x00000e71       0x52 /home/deploy/nrf/sdk/ehal_latest/ARM/Nordic/nRF51/CMSIS/Debug/libCMSIS.a(ResetEntry.o)
 .debug_macro   0x00000ec3       0x16 /home/deploy/nrf/sdk/ehal_latest/ARM/Nordic/nRF51/CMSIS/Debug/libCMSIS.a(ResetEntry.o)
 .debug_macro   0x00000ed9       0x43 /home/deploy/nrf/sdk/ehal_latest/ARM/Nordic/nRF51/CMSIS/Debug/libCMSIS.a(ResetEntry.o)
 .debug_macro   0x00000f1c      0x180 /home/deploy/nrf/sdk/ehal_latest/ARM/Nordic/nRF51/CMSIS/Debug/libCMSIS.a(ResetEntry.o)
 .debug_macro   0x0000109c      0x29d /home/deploy/nrf/sdk/ehal_latest/ARM/Nordic/nRF51/CMSIS/Debug/libCMSIS.a(ResetEntry.o)
 .debug_macro   0x00001339       0x10 /home/deploy/nrf/sdk/ehal_latest/ARM/Nordic/nRF51/CMSIS/Debug/libCMSIS.a(ResetEntry.o)
 .debug_macro   0x00001349       0x35 /home/deploy/nrf/sdk/ehal_latest/ARM/Nordic/nRF51/CMSIS/Debug/libCMSIS.a(ResetEntry.o)
 .debug_macro   0x0000137e       0x1c /home/deploy/nrf/sdk/ehal_latest/ARM/Nordic/nRF51/CMSIS/Debug/libCMSIS.a(ResetEntry.o)
 .debug_macro   0x0000139a       0x10 /home/deploy/nrf/sdk/ehal_latest/ARM/Nordic/nRF51/CMSIS/Debug/libCMSIS.a(ResetEntry.o)
 .debug_macro   0x000013aa       0x10 /home/deploy/nrf/sdk/ehal_latest/ARM/Nordic/nRF51/CMSIS/Debug/libCMSIS.a(ResetEntry.o)
 .debug_macro   0x000013ba       0x22 /home/deploy/nrf/sdk/ehal_latest/ARM/Nordic/nRF51/CMSIS/Debug/libCMSIS.a(ResetEntry.o)
 .debug_macro   0x000013dc       0xbd /home/deploy/nrf/sdk/ehal_latest/ARM/Nordic/nRF51/CMSIS/Debug/libCMSIS.a(ResetEntry.o)
 .debug_macro   0x00001499       0x16 /home/deploy/nrf/sdk/ehal_latest/ARM/Nordic/nRF51/CMSIS/Debug/libCMSIS.a(ResetEntry.o)
 .debug_macro   0x000014af      0x196 /home/deploy/nrf/sdk/ehal_latest/ARM/Nordic/nRF51/CMSIS/Debug/libCMSIS.a(ResetEntry.o)
 .debug_macro   0x00001645       0xba /home/deploy/nrf/sdk/ehal_latest/ARM/Nordic/nRF51/CMSIS/Debug/libCMSIS.a(system_nrf51.o)
 .debug_macro   0x000016ff       0x22 /home/deploy/nrf/sdk/ehal_latest/ARM/Nordic/nRF51/CMSIS/Debug/libCMSIS.a(system_nrf51.o)
 .debug_macro   0x00001721       0x22 /home/deploy/nrf/sdk/ehal_latest/ARM/Nordic/nRF51/CMSIS/Debug/libCMSIS.a(system_nrf51.o)
 .debug_macro   0x00001743       0x3a /home/deploy/nrf/sdk/ehal_latest/ARM/Nordic/nRF51/CMSIS/Debug/libCMSIS.a(system_nrf51.o)
 .debug_macro   0x0000177d       0x1f /home/deploy/nrf/sdk/ehal_latest/ARM/Nordic/nRF51/CMSIS/Debug/libCMSIS.a(system_nrf51.o)
 .debug_macro   0x0000179c      0x242 /home/deploy/nrf/sdk/ehal_latest/ARM/Nordic/nRF51/CMSIS/Debug/libCMSIS.a(system_nrf51.o)
 .debug_macro   0x000019de      0x1e0 /home/deploy/nrf/sdk/ehal_latest/ARM/Nordic/nRF51/CMSIS/Debug/libCMSIS.a(system_nrf51.o)
 .debug_macro   0x00001bbe     0x776a /home/deploy/nrf/sdk/ehal_latest/ARM/Nordic/nRF51/CMSIS/Debug/libCMSIS.a(system_nrf51.o)
 .debug_macro   0x00009328      0x976 /home/deploy/nrf/sdk/ehal_latest/ARM/Nordic/nRF51/CMSIS/Debug/libCMSIS.a(system_nrf51.o)
 .debug_macro   0x00009c9e       0x1c /home/deploy/nrf/sdk/ehal_latest/ARM/Nordic/nRF51/CMSIS/Debug/libCMSIS.a(system_nrf51.o)

.stabstr        0x00000000      0x1ed
 .stabstr       0x00000000      0x1ed /usr/local/gcc-arm-none-eabi-4_9-2015q2/bin/../lib/gcc/arm-none-eabi/4.9.3/../../../../arm-none-eabi/lib/armv6-m/libnosys.a(close.o)
